  Geri y├╝klenecek projeler belirleniyor...
  Geri y├╝kleme i├ğin t├╝m projeler g├╝ncel.
C:\Program Files\dotnet\sdk\10.0.102\Microsoft.Common.CurrentVersion.targets(5381,5): warning MSB3026: "C:\Users\ucarr\Desktop\eticaret\DistroProject.API\obj\Debug\net10.0\apphost.exe", "bin\Debug\net10.0\DistroProject.API.exe" ├╝zerine kopyalanamad─▒. 1 numaral─▒ yeniden denemeye 1000 ms i├ğinde ba┼şlanacak. The process cannot access the file 'C:\Users\ucarr\Desktop\eticaret\DistroProject.API\bin\Debug\net10.0\DistroProject.API.exe' because it is being used by another process. Dosya ┼şunun taraf─▒ndan kilitlendi: "DistroProject.API (12864)" [C:\Users\ucarr\Desktop\eticaret\DistroProject.API\DistroProject.API.csproj]
C:\Program Files\dotnet\sdk\10.0.102\Microsoft.Common.CurrentVersion.targets(5381,5): warning MSB3026: "C:\Users\ucarr\Desktop\eticaret\DistroProject.API\obj\Debug\net10.0\apphost.exe", "bin\Debug\net10.0\DistroProject.API.exe" ├╝zerine kopyalanamad─▒. 2 numaral─▒ yeniden denemeye 1000 ms i├ğinde ba┼şlanacak. The process cannot access the file 'C:\Users\ucarr\Desktop\eticaret\DistroProject.API\bin\Debug\net10.0\DistroProject.API.exe' because it is being used by another process. Dosya ┼şunun taraf─▒ndan kilitlendi: "DistroProject.API (12864)" [C:\Users\ucarr\Desktop\eticaret\DistroProject.API\DistroProject.API.csproj]
C:\Program Files\dotnet\sdk\10.0.102\Microsoft.Common.CurrentVersion.targets(5381,5): warning MSB3026: "C:\Users\ucarr\Desktop\eticaret\DistroProject.API\obj\Debug\net10.0\apphost.exe", "bin\Debug\net10.0\DistroProject.API.exe" ├╝zerine kopyalanamad─▒. 3 numaral─▒ yeniden denemeye 1000 ms i├ğinde ba┼şlanacak. The process cannot access the file 'C:\Users\ucarr\Desktop\eticaret\DistroProject.API\bin\Debug\net10.0\DistroProject.API.exe' because it is being used by another process. Dosya ┼şunun taraf─▒ndan kilitlendi: "DistroProject.API (12864)" [C:\Users\ucarr\Desktop\eticaret\DistroProject.API\DistroProject.API.csproj]
C:\Program Files\dotnet\sdk\10.0.102\Microsoft.Common.CurrentVersion.targets(5381,5): warning MSB3026: "C:\Users\ucarr\Desktop\eticaret\DistroProject.API\obj\Debug\net10.0\apphost.exe", "bin\Debug\net10.0\DistroProject.API.exe" ├╝zerine kopyalanamad─▒. 4 numaral─▒ yeniden denemeye 1000 ms i├ğinde ba┼şlanacak. The process cannot access the file 'C:\Users\ucarr\Desktop\eticaret\DistroProject.API\bin\Debug\net10.0\DistroProject.API.exe' because it is being used by another process. Dosya ┼şunun taraf─▒ndan kilitlendi: "DistroProject.API (12864)" [C:\Users\ucarr\Desktop\eticaret\DistroProject.API\DistroProject.API.csproj]
C:\Program Files\dotnet\sdk\10.0.102\Microsoft.Common.CurrentVersion.targets(5381,5): warning MSB3026: "C:\Users\ucarr\Desktop\eticaret\DistroProject.API\obj\Debug\net10.0\apphost.exe", "bin\Debug\net10.0\DistroProject.API.exe" ├╝zerine kopyalanamad─▒. 5 numaral─▒ yeniden denemeye 1000 ms i├ğinde ba┼şlanacak. The process cannot access the file 'C:\Users\ucarr\Desktop\eticaret\DistroProject.API\bin\Debug\net10.0\DistroProject.API.exe' because it is being used by another process. Dosya ┼şunun taraf─▒ndan kilitlendi: "DistroProject.API (12864)" [C:\Users\ucarr\Desktop\eticaret\DistroProject.API\DistroProject.API.csproj]
C:\Program Files\dotnet\sdk\10.0.102\Microsoft.Common.CurrentVersion.targets(5381,5): warning MSB3026: "C:\Users\ucarr\Desktop\eticaret\DistroProject.API\obj\Debug\net10.0\apphost.exe", "bin\Debug\net10.0\DistroProject.API.exe" ├╝zerine kopyalanamad─▒. 6 numaral─▒ yeniden denemeye 1000 ms i├ğinde ba┼şlanacak. The process cannot access the file 'C:\Users\ucarr\Desktop\eticaret\DistroProject.API\bin\Debug\net10.0\DistroProject.API.exe' because it is being used by another process. Dosya ┼şunun taraf─▒ndan kilitlendi: "DistroProject.API (12864)" [C:\Users\ucarr\Desktop\eticaret\DistroProject.API\DistroProject.API.csproj]
C:\Program Files\dotnet\sdk\10.0.102\Microsoft.Common.CurrentVersion.targets(5381,5): warning MSB3026: "C:\Users\ucarr\Desktop\eticaret\DistroProject.API\obj\Debug\net10.0\apphost.exe", "bin\Debug\net10.0\DistroProject.API.exe" ├╝zerine kopyalanamad─▒. 7 numaral─▒ yeniden denemeye 1000 ms i├ğinde ba┼şlanacak. The process cannot access the file 'C:\Users\ucarr\Desktop\eticaret\DistroProject.API\bin\Debug\net10.0\DistroProject.API.exe' because it is being used by another process. Dosya ┼şunun taraf─▒ndan kilitlendi: "DistroProject.API (12864)" [C:\Users\ucarr\Desktop\eticaret\DistroProject.API\DistroProject.API.csproj]
C:\Program Files\dotnet\sdk\10.0.102\Microsoft.Common.CurrentVersion.targets(5381,5): warning MSB3026: "C:\Users\ucarr\Desktop\eticaret\DistroProject.API\obj\Debug\net10.0\apphost.exe", "bin\Debug\net10.0\DistroProject.API.exe" ├╝zerine kopyalanamad─▒. 8 numaral─▒ yeniden denemeye 1000 ms i├ğinde ba┼şlanacak. The process cannot access the file 'C:\Users\ucarr\Desktop\eticaret\DistroProject.API\bin\Debug\net10.0\DistroProject.API.exe' because it is being used by another process. Dosya ┼şunun taraf─▒ndan kilitlendi: "DistroProject.API (12864)" [C:\Users\ucarr\Desktop\eticaret\DistroProject.API\DistroProject.API.csproj]
C:\Program Files\dotnet\sdk\10.0.102\Microsoft.Common.CurrentVersion.targets(5381,5): warning MSB3026: "C:\Users\ucarr\Desktop\eticaret\DistroProject.API\obj\Debug\net10.0\apphost.exe", "bin\Debug\net10.0\DistroProject.API.exe" ├╝zerine kopyalanamad─▒. 9 numaral─▒ yeniden denemeye 1000 ms i├ğinde ba┼şlanacak. The process cannot access the file 'C:\Users\ucarr\Desktop\eticaret\DistroProject.API\bin\Debug\net10.0\DistroProject.API.exe' because it is being used by another process. Dosya ┼şunun taraf─▒ndan kilitlendi: "DistroProject.API (12864)" [C:\Users\ucarr\Desktop\eticaret\DistroProject.API\DistroProject.API.csproj]
C:\Program Files\dotnet\sdk\10.0.102\Microsoft.Common.CurrentVersion.targets(5381,5): warning MSB3026: "C:\Users\ucarr\Desktop\eticaret\DistroProject.API\obj\Debug\net10.0\apphost.exe", "bin\Debug\net10.0\DistroProject.API.exe" ├╝zerine kopyalanamad─▒. 10 numaral─▒ yeniden denemeye 1000 ms i├ğinde ba┼şlanacak. The process cannot access the file 'C:\Users\ucarr\Desktop\eticaret\DistroProject.API\bin\Debug\net10.0\DistroProject.API.exe' because it is being used by another process. Dosya ┼şunun taraf─▒ndan kilitlendi: "DistroProject.API (12864)" [C:\Users\ucarr\Desktop\eticaret\DistroProject.API\DistroProject.API.csproj]
C:\Program Files\dotnet\sdk\10.0.102\Microsoft.Common.CurrentVersion.targets(5381,5): error MSB3027: "C:\Users\ucarr\Desktop\eticaret\DistroProject.API\obj\Debug\net10.0\apphost.exe", "bin\Debug\net10.0\DistroProject.API.exe" ├╝zerine kopyalanamad─▒. 10 yeniden deneme say─▒s─▒ a┼ş─▒ld─▒. Ba┼şar─▒s─▒z oldu. Dosya ┼şunun taraf─▒ndan kilitlendi: "DistroProject.API (12864)" [C:\Users\ucarr\Desktop\eticaret\DistroProject.API\DistroProject.API.csproj]
C:\Program Files\dotnet\sdk\10.0.102\Microsoft.Common.CurrentVersion.targets(5381,5): error MSB3021: "C:\Users\ucarr\Desktop\eticaret\DistroProject.API\obj\Debug\net10.0\apphost.exe" dosyas─▒ "bin\Debug\net10.0\DistroProject.API.exe" ├╝zerine kopyalanam─▒yor. The process cannot access the file 'C:\Users\ucarr\Desktop\eticaret\DistroProject.API\bin\Debug\net10.0\DistroProject.API.exe' because it is being used by another process. [C:\Users\ucarr\Desktop\eticaret\DistroProject.API\DistroProject.API.csproj]

Olu┼şturma BA┼ŞARISIZ OLDU.

C:\Program Files\dotnet\sdk\10.0.102\Microsoft.Common.CurrentVersion.targets(5381,5): warning MSB3026: "C:\Users\ucarr\Desktop\eticaret\DistroProject.API\obj\Debug\net10.0\apphost.exe", "bin\Debug\net10.0\DistroProject.API.exe" ├╝zerine kopyalanamad─▒. 1 numaral─▒ yeniden denemeye 1000 ms i├ğinde ba┼şlanacak. The process cannot access the file 'C:\Users\ucarr\Desktop\eticaret\DistroProject.API\bin\Debug\net10.0\DistroProject.API.exe' because it is being used by another process. Dosya ┼şunun taraf─▒ndan kilitlendi: "DistroProject.API (12864)" [C:\Users\ucarr\Desktop\eticaret\DistroProject.API\DistroProject.API.csproj]
C:\Program Files\dotnet\sdk\10.0.102\Microsoft.Common.CurrentVersion.targets(5381,5): warning MSB3026: "C:\Users\ucarr\Desktop\eticaret\DistroProject.API\obj\Debug\net10.0\apphost.exe", "bin\Debug\net10.0\DistroProject.API.exe" ├╝zerine kopyalanamad─▒. 2 numaral─▒ yeniden denemeye 1000 ms i├ğinde ba┼şlanacak. The process cannot access the file 'C:\Users\ucarr\Desktop\eticaret\DistroProject.API\bin\Debug\net10.0\DistroProject.API.exe' because it is being used by another process. Dosya ┼şunun taraf─▒ndan kilitlendi: "DistroProject.API (12864)" [C:\Users\ucarr\Desktop\eticaret\DistroProject.API\DistroProject.API.csproj]
C:\Program Files\dotnet\sdk\10.0.102\Microsoft.Common.CurrentVersion.targets(5381,5): warning MSB3026: "C:\Users\ucarr\Desktop\eticaret\DistroProject.API\obj\Debug\net10.0\apphost.exe", "bin\Debug\net10.0\DistroProject.API.exe" ├╝zerine kopyalanamad─▒. 3 numaral─▒ yeniden denemeye 1000 ms i├ğinde ba┼şlanacak. The process cannot access the file 'C:\Users\ucarr\Desktop\eticaret\DistroProject.API\bin\Debug\net10.0\DistroProject.API.exe' because it is being used by another process. Dosya ┼şunun taraf─▒ndan kilitlendi: "DistroProject.API (12864)" [C:\Users\ucarr\Desktop\eticaret\DistroProject.API\DistroProject.API.csproj]
C:\Program Files\dotnet\sdk\10.0.102\Microsoft.Common.CurrentVersion.targets(5381,5): warning MSB3026: "C:\Users\ucarr\Desktop\eticaret\DistroProject.API\obj\Debug\net10.0\apphost.exe", "bin\Debug\net10.0\DistroProject.API.exe" ├╝zerine kopyalanamad─▒. 4 numaral─▒ yeniden denemeye 1000 ms i├ğinde ba┼şlanacak. The process cannot access the file 'C:\Users\ucarr\Desktop\eticaret\DistroProject.API\bin\Debug\net10.0\DistroProject.API.exe' because it is being used by another process. Dosya ┼şunun taraf─▒ndan kilitlendi: "DistroProject.API (12864)" [C:\Users\ucarr\Desktop\eticaret\DistroProject.API\DistroProject.API.csproj]
C:\Program Files\dotnet\sdk\10.0.102\Microsoft.Common.CurrentVersion.targets(5381,5): warning MSB3026: "C:\Users\ucarr\Desktop\eticaret\DistroProject.API\obj\Debug\net10.0\apphost.exe", "bin\Debug\net10.0\DistroProject.API.exe" ├╝zerine kopyalanamad─▒. 5 numaral─▒ yeniden denemeye 1000 ms i├ğinde ba┼şlanacak. The process cannot access the file 'C:\Users\ucarr\Desktop\eticaret\DistroProject.API\bin\Debug\net10.0\DistroProject.API.exe' because it is being used by another process. Dosya ┼şunun taraf─▒ndan kilitlendi: "DistroProject.API (12864)" [C:\Users\ucarr\Desktop\eticaret\DistroProject.API\DistroProject.API.csproj]
C:\Program Files\dotnet\sdk\10.0.102\Microsoft.Common.CurrentVersion.targets(5381,5): warning MSB3026: "C:\Users\ucarr\Desktop\eticaret\DistroProject.API\obj\Debug\net10.0\apphost.exe", "bin\Debug\net10.0\DistroProject.API.exe" ├╝zerine kopyalanamad─▒. 6 numaral─▒ yeniden denemeye 1000 ms i├ğinde ba┼şlanacak. The process cannot access the file 'C:\Users\ucarr\Desktop\eticaret\DistroProject.API\bin\Debug\net10.0\DistroProject.API.exe' because it is being used by another process. Dosya ┼şunun taraf─▒ndan kilitlendi: "DistroProject.API (12864)" [C:\Users\ucarr\Desktop\eticaret\DistroProject.API\DistroProject.API.csproj]
C:\Program Files\dotnet\sdk\10.0.102\Microsoft.Common.CurrentVersion.targets(5381,5): warning MSB3026: "C:\Users\ucarr\Desktop\eticaret\DistroProject.API\obj\Debug\net10.0\apphost.exe", "bin\Debug\net10.0\DistroProject.API.exe" ├╝zerine kopyalanamad─▒. 7 numaral─▒ yeniden denemeye 1000 ms i├ğinde ba┼şlanacak. The process cannot access the file 'C:\Users\ucarr\Desktop\eticaret\DistroProject.API\bin\Debug\net10.0\DistroProject.API.exe' because it is being used by another process. Dosya ┼şunun taraf─▒ndan kilitlendi: "DistroProject.API (12864)" [C:\Users\ucarr\Desktop\eticaret\DistroProject.API\DistroProject.API.csproj]
C:\Program Files\dotnet\sdk\10.0.102\Microsoft.Common.CurrentVersion.targets(5381,5): warning MSB3026: "C:\Users\ucarr\Desktop\eticaret\DistroProject.API\obj\Debug\net10.0\apphost.exe", "bin\Debug\net10.0\DistroProject.API.exe" ├╝zerine kopyalanamad─▒. 8 numaral─▒ yeniden denemeye 1000 ms i├ğinde ba┼şlanacak. The process cannot access the file 'C:\Users\ucarr\Desktop\eticaret\DistroProject.API\bin\Debug\net10.0\DistroProject.API.exe' because it is being used by another process. Dosya ┼şunun taraf─▒ndan kilitlendi: "DistroProject.API (12864)" [C:\Users\ucarr\Desktop\eticaret\DistroProject.API\DistroProject.API.csproj]
C:\Program Files\dotnet\sdk\10.0.102\Microsoft.Common.CurrentVersion.targets(5381,5): warning MSB3026: "C:\Users\ucarr\Desktop\eticaret\DistroProject.API\obj\Debug\net10.0\apphost.exe", "bin\Debug\net10.0\DistroProject.API.exe" ├╝zerine kopyalanamad─▒. 9 numaral─▒ yeniden denemeye 1000 ms i├ğinde ba┼şlanacak. The process cannot access the file 'C:\Users\ucarr\Desktop\eticaret\DistroProject.API\bin\Debug\net10.0\DistroProject.API.exe' because it is being used by another process. Dosya ┼şunun taraf─▒ndan kilitlendi: "DistroProject.API (12864)" [C:\Users\ucarr\Desktop\eticaret\DistroProject.API\DistroProject.API.csproj]
C:\Program Files\dotnet\sdk\10.0.102\Microsoft.Common.CurrentVersion.targets(5381,5): warning MSB3026: "C:\Users\ucarr\Desktop\eticaret\DistroProject.API\obj\Debug\net10.0\apphost.exe", "bin\Debug\net10.0\DistroProject.API.exe" ├╝zerine kopyalanamad─▒. 10 numaral─▒ yeniden denemeye 1000 ms i├ğinde ba┼şlanacak. The process cannot access the file 'C:\Users\ucarr\Desktop\eticaret\DistroProject.API\bin\Debug\net10.0\DistroProject.API.exe' because it is being used by another process. Dosya ┼şunun taraf─▒ndan kilitlendi: "DistroProject.API (12864)" [C:\Users\ucarr\Desktop\eticaret\DistroProject.API\DistroProject.API.csproj]
C:\Program Files\dotnet\sdk\10.0.102\Microsoft.Common.CurrentVersion.targets(5381,5): error MSB3027: "C:\Users\ucarr\Desktop\eticaret\DistroProject.API\obj\Debug\net10.0\apphost.exe", "bin\Debug\net10.0\DistroProject.API.exe" ├╝zerine kopyalanamad─▒. 10 yeniden deneme say─▒s─▒ a┼ş─▒ld─▒. Ba┼şar─▒s─▒z oldu. Dosya ┼şunun taraf─▒ndan kilitlendi: "DistroProject.API (12864)" [C:\Users\ucarr\Desktop\eticaret\DistroProject.API\DistroProject.API.csproj]
C:\Program Files\dotnet\sdk\10.0.102\Microsoft.Common.CurrentVersion.targets(5381,5): error MSB3021: "C:\Users\ucarr\Desktop\eticaret\DistroProject.API\obj\Debug\net10.0\apphost.exe" dosyas─▒ "bin\Debug\net10.0\DistroProject.API.exe" ├╝zerine kopyalanam─▒yor. The process cannot access the file 'C:\Users\ucarr\Desktop\eticaret\DistroProject.API\bin\Debug\net10.0\DistroProject.API.exe' because it is being used by another process. [C:\Users\ucarr\Desktop\eticaret\DistroProject.API\DistroProject.API.csproj]
    10 Uyar─▒
    2 Hata

Ge├ğen S├╝re 00:00:12.62
